
> school24@0.1.0 build
> next build

Ôû▓ Next.js 16.1.1 (Turbopack)

  Creating an optimized production build ...

> Build error occurred
Error: Turbopack build failed with 2 errors:
./src/app/super-admin/school/[id]/page.tsx:10:1
Module not found: Can't resolve '@/components/ui/skeleton'
   8 | import { Tabs, TabsContent, TabsList, TabsTrigger } from "@/components/ui/tabs"
   9 | import { useSchool, useSchoolUsers, useCreateUser } from '@/hooks/useSchools'
> 10 | import { Skeleton } from '@/components/ui/skeleton'
     | ^^^^^^^^^^^^^^^^^^^^^^^^^^^^^^^^^^^^^^^^^^^^^^^^^^^
  11 | import { Avatar, AvatarFallback } from '@/components/ui/avatar'
  12 | import {
  13 |     DropdownMenu,

Import map: aliased to relative './src/components/ui/skeleton' inside of [project]/


Import traces:
  Client Component Browser:
    ./src/app/super-admin/school/[id]/page.tsx [Client Component Browser]
    ./src/app/super-admin/school/[id]/page.tsx [Server Component]

  Client Component SSR:
    ./src/app/super-admin/school/[id]/page.tsx [Client Component SSR]
    ./src/app/super-admin/school/[id]/page.tsx [Server Component]

https://nextjs.org/docs/messages/module-not-found


./src/app/super-admin/school/[id]/page.tsx:11:1
Module not found: Can't resolve '@/components/ui/skeleton'
   9 | import { Tabs, TabsContent, TabsList, TabsTrigger } from "@/components/ui/tabs";
  10 | import { useSchool, useSchoolUsers, useCreateUser } from '@/hooks/useSchools';
> 11 | import { Skeleton } from '@/components/ui/skeleton';
     | ^^^^^^^^^^^^^^^^^^^^^^^^^^^^^^^^^^^^^^^^^^^^^^^^^^^^
  12 | import { Avatar, AvatarFallback } from '@/components/ui/avatar';
  13 | import { DropdownMenu, DropdownMenuContent, DropdownMenuItem, DropdownMenuTrigger } from "@/components/ui/dropdown-menu";
  14 | import { Badge } from '@/components/ui/badge';

Import map: aliased to relative './src/components/ui/skeleton' inside of [project]/


Import traces:
  Client Component Browser:
    ./src/app/super-admin/school/[id]/page.tsx [Client Component Browser]
    ./src/app/super-admin/school/[id]/page.tsx [Server Component]

  Client Component SSR:
    ./src/app/super-admin/school/[id]/page.tsx [Client Component SSR]
    ./src/app/super-admin/school/[id]/page.tsx [Server Component]

https://nextjs.org/docs/messages/module-not-found


    at <unknown> (./src/app/super-admin/school/[id]/page.tsx:10:1)
    at <unknown> (https://nextjs.org/docs/messages/module-not-found)
    at <unknown> (./src/app/super-admin/school/[id]/page.tsx:11:1)
    at <unknown> (https://nextjs.org/docs/messages/module-not-found)
