src/app/super-admin/materials/page.tsx(315,6): error TS17008: JSX element 'div' has no corresponding closing tag.
src/app/super-admin/materials/page.tsx(582,1): error TS1381: Unexpected token. Did you mean `{'}'}` or `&rbrace;`?
src/app/super-admin/materials/page.tsx(586,1): error TS1005: '</' expected.
